// Jest Snapshot v1, https://goo.gl/fbAQLP

exports[`should render AddExpensePage correctly 1`] = `
<div>
  <h1>
    ADD EXPENSES
  </h1>
  <a
    FormSubmit={[Function]}
  />
</div>
`;
